// Jest Snapshot v1, https://goo.gl/fbAQLP

exports[`<ErrrorBountry/> check if snapshot match and error equal text 1`] = `ReactWrapper {}`;
